MPLINK 4.37, Linker
Linker Map File - Created Tue Jun 07 20:45:42 2011

                                 Section Info
                  Section       Type    Address   Location Size(Bytes)
                ---------  ---------  ---------  ---------  ---------
               _entry_scn       code   0x000000    program   0x000006
                   .cinit    romdata   0x000006    program   0x00000e
            .code_Timer.o       code   0x000014    program   0x00043c
               _cinit_scn       code   0x000450    program   0x00009e
             D10KTCYXCODE       code   0x0004ee    program   0x00002e
                    .code       code   0x00051c    program   0x000020
             _startup_scn       code   0x00053c    program   0x00001c
           .code___init.o       code   0x000558    program   0x000002
        .romdata___init.o    romdata   0x00055a    program   0x000000
        .idata___init.o_i    romdata   0x00055a    program   0x000000
         .romdata_Timer.o    romdata   0x00055a    program   0x000000
         .idata_Timer.o_i    romdata   0x00055a    program   0x000014
         .romdata_c018i.o    romdata   0x00055a    program   0x000000
         .idata_c018i.o_i    romdata   0x00055a    program   0x000000
            .code_c018i.o       code   0x00056e    program   0x000000
   .config_300001_Timer.o    romdata   0x300001    program   0x000001
   .config_300005_Timer.o    romdata   0x300005    program   0x000001
   .config_300006_Timer.o    romdata   0x300006    program   0x000001
                MATH_DATA      udata   0x000000       data   0x000002
                 .tmpdata      udata   0x000002       data   0x000002
                DELAYDAT2      udata   0x000004       data   0x000001
                DELAYDAT1      udata   0x000005       data   0x000001
                   .stack      udata   0x000060       data   0x000050
           .idata_Timer.o      idata   0x0000b0       data   0x000014
           .udata_c018i.o      udata   0x0000c4       data   0x00000a
           .idata_c018i.o      idata   0x0000ce       data   0x000000
           .udata_Timer.o      udata   0x0000ce       data   0x000000
          .udata___init.o      udata   0x0000ce       data   0x000000
          .idata___init.o      idata   0x0000ce       data   0x000000
            SFR_UNBANKED0      udata   0x000f68       data   0x000098



                              Program Memory Usage 
                               Start         End      
                           ---------   ---------      
                            0x000000    0x00056d      
                            0x300001    0x300001      
                            0x300005    0x300006      
            1393 out of 8472 program addresses used, program memory utilization is 16%



                              Symbols - Sorted by Name
                     Name    Address   Location    Storage File                     
                ---------  ---------  ---------  --------- ---------                
                   D10K_1   0x0004fa    program     static C:\MCC18\src\traditional\delays\d10ktcyx.asm
                    D10Kl   0x000506    program     static C:\MCC18\src\traditional\delays\d10ktcyx.asm
                    D10Kx   0x0004f8    program     static C:\MCC18\src\traditional\delays\d10ktcyx.asm
             Delay10KTCYx   0x0004ee    program     extern C:\MCC18\src\traditional\delays\d10ktcyx.asm
       _D10KTCYXCODE_0010   0x0004fe    program     static C:\MCC18\src\traditional\delays\d10ktcyx.asm
       _D10KTCYXCODE_001C   0x00050a    program     static C:\MCC18\src\traditional\delays\d10ktcyx.asm
       ___return_lbl00000   0x000004    program     static                          
       ___return_lbl00001   0x000556    program     static                          
       ___return_lbl00002   0x0004ec    program     static                          
               __config_0   0x300001    program     static D:\personal\timer\Timer.c
               __config_1   0x300005    program     static D:\personal\timer\Timer.c
               __config_2   0x300006    program     static D:\personal\timer\Timer.c
                   __init   0x000558    program     extern C:\MCC18\src\traditional\stdclib\__init.c
            __zero_memory   0x00051c    program     extern C:\MCC18\src\traditional\proc\p18F13K22.asm
                _do_cinit   0x000450    program     extern C:\MCC18\src\traditional\startup\c018i.c
                   _entry   0x000000    program     extern C:\MCC18\src\traditional\startup\c018i.c
                 _startup   0x00053c    program     extern C:\MCC18\src\traditional\startup\c018i.c
                 clearPin   0x000118    program     extern D:\personal\timer\Timer.c
                compare_l   0x000532    program     static C:\MCC18\src\traditional\proc\p18F13K22.asm
                copy_loop   0x0004c2    program     static                          
            copy_one_byte   0x0004c8    program     static                          
                    delay   0x000306    program     extern D:\personal\timer\Timer.c
                     done   0x0004ec    program     static                          
             done_copying   0x0004d6    program     static                          
                     init   0x000226    program     extern D:\personal\timer\Timer.c
                      isr   0x00023e    program     extern D:\personal\timer\Timer.c
                     loop   0x00054c    program     static                          
                   loop_h   0x00052a    program     static C:\MCC18\src\traditional\proc\p18F13K22.asm
                   loop_l   0x000534    program     static C:\MCC18\src\traditional\proc\p18F13K22.asm
                     main   0x000344    program     extern D:\personal\timer\Timer.c
                   setPin   0x000014    program     extern D:\personal\timer\Timer.c
                     test   0x00046a    program     static                          
               zero_block   0x00052a    program     static C:\MCC18\src\traditional\proc\p18F13K22.asm
                        A   0x0000b0       data     extern D:\personal\timer\Timer.c
                   ADCON0   0x000fc2       data     extern C:\MCC18\src\traditional\proc\p18F13K22.asm
               ADCON0bits   0x000fc2       data     extern C:\MCC18\src\traditional\proc\p18F13K22.asm
                   ADCON1   0x000fc1       data     extern C:\MCC18\src\traditional\proc\p18F13K22.asm
               ADCON1bits   0x000fc1       data     extern C:\MCC18\src\traditional\proc\p18F13K22.asm
                   ADCON2   0x000fc0       data     extern C:\MCC18\src\traditional\proc\p18F13K22.asm
               ADCON2bits   0x000fc0       data     extern C:\MCC18\src\traditional\proc\p18F13K22.asm
                    ADRES   0x000fc3       data     extern C:\MCC18\src\traditional\proc\p18F13K22.asm
                   ADRESH   0x000fc4       data     extern C:\MCC18\src\traditional\proc\p18F13K22.asm
                   ADRESL   0x000fc3       data     extern C:\MCC18\src\traditional\proc\p18F13K22.asm
                    ANSEL   0x000f7e       data     extern C:\MCC18\src\traditional\proc\p18F13K22.asm
                   ANSELH   0x000f7f       data     extern C:\MCC18\src\traditional\proc\p18F13K22.asm
               ANSELHbits   0x000f7f       data     extern C:\MCC18\src\traditional\proc\p18F13K22.asm
                ANSELbits   0x000f7e       data     extern C:\MCC18\src\traditional\proc\p18F13K22.asm
                   APFCON   0x000f75       data     extern C:\MCC18\src\traditional\proc\p18F13K22.asm
               APFCONbits   0x000f75       data     extern C:\MCC18\src\traditional\proc\p18F13K22.asm
                     A_A0   0x0000b6       data     extern D:\personal\timer\Timer.c
               A_LCDRESET   0x0000b8       data     extern D:\personal\timer\Timer.c
                 A_PHOTO1   0x0000c0       data     extern D:\personal\timer\Timer.c
                 A_PHOTO2   0x0000c2       data     extern D:\personal\timer\Timer.c
                        B   0x0000b2       data     extern D:\personal\timer\Timer.c
                  BAUDCON   0x000fb8       data     extern C:\MCC18\src\traditional\proc\p18F13K22.asm
              BAUDCONbits   0x000fb8       data     extern C:\MCC18\src\traditional\proc\p18F13K22.asm
                  BAUDCTL   0x000fb8       data     extern C:\MCC18\src\traditional\proc\p18F13K22.asm
              BAUDCTLbits   0x000fb8       data     extern C:\MCC18\src\traditional\proc\p18F13K22.asm
                      BSR   0x000fe0       data     extern C:\MCC18\src\traditional\proc\p18F13K22.asm
                   B_CS1B   0x0000ba       data     extern D:\personal\timer\Timer.c
                    B_SCL   0x0000bc       data     extern D:\personal\timer\Timer.c
                    B_SDA   0x0000be       data     extern D:\personal\timer\Timer.c
                        C   0x0000b4       data     extern D:\personal\timer\Timer.c
                  CCP1CON   0x000fbd       data     extern C:\MCC18\src\traditional\proc\p18F13K22.asm
              CCP1CONbits   0x000fbd       data     extern C:\MCC18\src\traditional\proc\p18F13K22.asm
                    CCPR1   0x000fbe       data     extern C:\MCC18\src\traditional\proc\p18F13K22.asm
                   CCPR1H   0x000fbf       data     extern C:\MCC18\src\traditional\proc\p18F13K22.asm
                   CCPR1L   0x000fbe       data     extern C:\MCC18\src\traditional\proc\p18F13K22.asm
                  CM1CON0   0x000f6d       data     extern C:\MCC18\src\traditional\proc\p18F13K22.asm
              CM1CON0bits   0x000f6d       data     extern C:\MCC18\src\traditional\proc\p18F13K22.asm
                  CM2CON0   0x000f6b       data     extern C:\MCC18\src\traditional\proc\p18F13K22.asm
              CM2CON0bits   0x000f6b       data     extern C:\MCC18\src\traditional\proc\p18F13K22.asm
                  CM2CON1   0x000f6c       data     extern C:\MCC18\src\traditional\proc\p18F13K22.asm
              CM2CON1bits   0x000f6c       data     extern C:\MCC18\src\traditional\proc\p18F13K22.asm
                     DDRA   0x000f92       data     extern C:\MCC18\src\traditional\proc\p18F13K22.asm
                 DDRAbits   0x000f92       data     extern C:\MCC18\src\traditional\proc\p18F13K22.asm
                     DDRB   0x000f93       data     extern C:\MCC18\src\traditional\proc\p18F13K22.asm
                 DDRBbits   0x000f93       data     extern C:\MCC18\src\traditional\proc\p18F13K22.asm
                     DDRC   0x000f94       data     extern C:\MCC18\src\traditional\proc\p18F13K22.asm
                 DDRCbits   0x000f94       data     extern C:\MCC18\src\traditional\proc\p18F13K22.asm
            DelayCounter1   0x000005       data     extern C:\MCC18\src\traditional\delays\delayd1.asm
            DelayCounter2   0x000004       data     extern C:\MCC18\src\traditional\delays\delayd2.asm
                  ECCP1AS   0x000fb6       data     extern C:\MCC18\src\traditional\proc\p18F13K22.asm
              ECCP1ASbits   0x000fb6       data     extern C:\MCC18\src\traditional\proc\p18F13K22.asm
                    EEADR   0x000fa9       data     extern C:\MCC18\src\traditional\proc\p18F13K22.asm
                   EEADRH   0x000faa       data     extern C:\MCC18\src\traditional\proc\p18F13K22.asm
               EEADRHbits   0x000faa       data     extern C:\MCC18\src\traditional\proc\p18F13K22.asm
                EEADRbits   0x000fa9       data     extern C:\MCC18\src\traditional\proc\p18F13K22.asm
                   EECON1   0x000fa6       data     extern C:\MCC18\src\traditional\proc\p18F13K22.asm
               EECON1bits   0x000fa6       data     extern C:\MCC18\src\traditional\proc\p18F13K22.asm
                   EECON2   0x000fa7       data     extern C:\MCC18\src\traditional\proc\p18F13K22.asm
                   EEDATA   0x000fa8       data     extern C:\MCC18\src\traditional\proc\p18F13K22.asm
                     FSR0   0x000fe9       data     extern C:\MCC18\src\traditional\proc\p18F13K22.asm
                    FSR0H   0x000fea       data     extern C:\MCC18\src\traditional\proc\p18F13K22.asm
                    FSR0L   0x000fe9       data     extern C:\MCC18\src\traditional\proc\p18F13K22.asm
                     FSR1   0x000fe1       data     extern C:\MCC18\src\traditional\proc\p18F13K22.asm
                    FSR1H   0x000fe2       data     extern C:\MCC18\src\traditional\proc\p18F13K22.asm
                    FSR1L   0x000fe1       data     extern C:\MCC18\src\traditional\proc\p18F13K22.asm
                     FSR2   0x000fd9       data     extern C:\MCC18\src\traditional\proc\p18F13K22.asm
                    FSR2H   0x000fda       data     extern C:\MCC18\src\traditional\proc\p18F13K22.asm
                    FSR2L   0x000fd9       data     extern C:\MCC18\src\traditional\proc\p18F13K22.asm
                    INDF0   0x000fef       data     extern C:\MCC18\src\traditional\proc\p18F13K22.asm
                    INDF1   0x000fe7       data     extern C:\MCC18\src\traditional\proc\p18F13K22.asm
                    INDF2   0x000fdf       data     extern C:\MCC18\src\traditional\proc\p18F13K22.asm
                   INTCON   0x000ff2       data     extern C:\MCC18\src\traditional\proc\p18F13K22.asm
                  INTCON2   0x000ff1       data     extern C:\MCC18\src\traditional\proc\p18F13K22.asm
              INTCON2bits   0x000ff1       data     extern C:\MCC18\src\traditional\proc\p18F13K22.asm
                  INTCON3   0x000ff0       data     extern C:\MCC18\src\traditional\proc\p18F13K22.asm
              INTCON3bits   0x000ff0       data     extern C:\MCC18\src\traditional\proc\p18F13K22.asm
               INTCONbits   0x000ff2       data     extern C:\MCC18\src\traditional\proc\p18F13K22.asm
                     IOCA   0x000f79       data     extern C:\MCC18\src\traditional\proc\p18F13K22.asm
                 IOCAbits   0x000f79       data     extern C:\MCC18\src\traditional\proc\p18F13K22.asm
                     IOCB   0x000f7a       data     extern C:\MCC18\src\traditional\proc\p18F13K22.asm
                 IOCBbits   0x000f7a       data     extern C:\MCC18\src\traditional\proc\p18F13K22.asm
                     IPR1   0x000f9f       data     extern C:\MCC18\src\traditional\proc\p18F13K22.asm
                 IPR1bits   0x000f9f       data     extern C:\MCC18\src\traditional\proc\p18F13K22.asm
                     IPR2   0x000fa2       data     extern C:\MCC18\src\traditional\proc\p18F13K22.asm
                 IPR2bits   0x000fa2       data     extern C:\MCC18\src\traditional\proc\p18F13K22.asm
                     LATA   0x000f89       data     extern C:\MCC18\src\traditional\proc\p18F13K22.asm
                 LATAbits   0x000f89       data     extern C:\MCC18\src\traditional\proc\p18F13K22.asm
                     LATB   0x000f8a       data     extern C:\MCC18\src\traditional\proc\p18F13K22.asm
                 LATBbits   0x000f8a       data     extern C:\MCC18\src\traditional\proc\p18F13K22.asm
                     LATC   0x000f8b       data     extern C:\MCC18\src\traditional\proc\p18F13K22.asm
                 LATCbits   0x000f8b       data     extern C:\MCC18\src\traditional\proc\p18F13K22.asm
                   OSCCON   0x000fd3       data     extern C:\MCC18\src\traditional\proc\p18F13K22.asm
                  OSCCON2   0x000fd2       data     extern C:\MCC18\src\traditional\proc\p18F13K22.asm
              OSCCON2bits   0x000fd2       data     extern C:\MCC18\src\traditional\proc\p18F13K22.asm
               OSCCONbits   0x000fd3       data     extern C:\MCC18\src\traditional\proc\p18F13K22.asm
                  OSCTUNE   0x000f9b       data     extern C:\MCC18\src\traditional\proc\p18F13K22.asm
              OSCTUNEbits   0x000f9b       data     extern C:\MCC18\src\traditional\proc\p18F13K22.asm
                       PC   0x000ff9       data     extern C:\MCC18\src\traditional\proc\p18F13K22.asm
                      PCL   0x000ff9       data     extern C:\MCC18\src\traditional\proc\p18F13K22.asm
                   PCLATH   0x000ffa       data     extern C:\MCC18\src\traditional\proc\p18F13K22.asm
                   PCLATU   0x000ffb       data     extern C:\MCC18\src\traditional\proc\p18F13K22.asm
                     PIE1   0x000f9d       data     extern C:\MCC18\src\traditional\proc\p18F13K22.asm
                 PIE1bits   0x000f9d       data     extern C:\MCC18\src\traditional\proc\p18F13K22.asm
                     PIE2   0x000fa0       data     extern C:\MCC18\src\traditional\proc\p18F13K22.asm
                 PIE2bits   0x000fa0       data     extern C:\MCC18\src\traditional\proc\p18F13K22.asm
                     PIR1   0x000f9e       data     extern C:\MCC18\src\traditional\proc\p18F13K22.asm
                 PIR1bits   0x000f9e       data     extern C:\MCC18\src\traditional\proc\p18F13K22.asm
                     PIR2   0x000fa1       data     extern C:\MCC18\src\traditional\proc\p18F13K22.asm
                 PIR2bits   0x000fa1       data     extern C:\MCC18\src\traditional\proc\p18F13K22.asm
                   PLUSW0   0x000feb       data     extern C:\MCC18\src\traditional\proc\p18F13K22.asm
                   PLUSW1   0x000fe3       data     extern C:\MCC18\src\traditional\proc\p18F13K22.asm
                   PLUSW2   0x000fdb       data     extern C:\MCC18\src\traditional\proc\p18F13K22.asm
                    PORTA   0x000f80       data     extern C:\MCC18\src\traditional\proc\p18F13K22.asm
                PORTAbits   0x000f80       data     extern C:\MCC18\src\traditional\proc\p18F13K22.asm
                    PORTB   0x000f81       data     extern C:\MCC18\src\traditional\proc\p18F13K22.asm
                PORTBbits   0x000f81       data     extern C:\MCC18\src\traditional\proc\p18F13K22.asm
                    PORTC   0x000f82       data     extern C:\MCC18\src\traditional\proc\p18F13K22.asm
                PORTCbits   0x000f82       data     extern C:\MCC18\src\traditional\proc\p18F13K22.asm
                 POSTDEC0   0x000fed       data     extern C:\MCC18\src\traditional\proc\p18F13K22.asm
                 POSTDEC1   0x000fe5       data     extern C:\MCC18\src\traditional\proc\p18F13K22.asm
                 POSTDEC2   0x000fdd       data     extern C:\MCC18\src\traditional\proc\p18F13K22.asm
                 POSTINC0   0x000fee       data     extern C:\MCC18\src\traditional\proc\p18F13K22.asm
                 POSTINC1   0x000fe6       data     extern C:\MCC18\src\traditional\proc\p18F13K22.asm
                 POSTINC2   0x000fde       data     extern C:\MCC18\src\traditional\proc\p18F13K22.asm
                      PR2   0x000fcb       data     extern C:\MCC18\src\traditional\proc\p18F13K22.asm
                  PREINC0   0x000fec       data     extern C:\MCC18\src\traditional\proc\p18F13K22.asm
                  PREINC1   0x000fe4       data     extern C:\MCC18\src\traditional\proc\p18F13K22.asm
                  PREINC2   0x000fdc       data     extern C:\MCC18\src\traditional\proc\p18F13K22.asm
                     PROD   0x000ff3       data     extern C:\MCC18\src\traditional\proc\p18F13K22.asm
                    PRODH   0x000ff4       data     extern C:\MCC18\src\traditional\proc\p18F13K22.asm
                    PRODL   0x000ff3       data     extern C:\MCC18\src\traditional\proc\p18F13K22.asm
                  PSTRCON   0x000fb9       data     extern C:\MCC18\src\traditional\proc\p18F13K22.asm
              PSTRCONbits   0x000fb9       data     extern C:\MCC18\src\traditional\proc\p18F13K22.asm
                  PWM1CON   0x000fb7       data     extern C:\MCC18\src\traditional\proc\p18F13K22.asm
              PWM1CONbits   0x000fb7       data     extern C:\MCC18\src\traditional\proc\p18F13K22.asm
                     RCON   0x000fd0       data     extern C:\MCC18\src\traditional\proc\p18F13K22.asm
                 RCONbits   0x000fd0       data     extern C:\MCC18\src\traditional\proc\p18F13K22.asm
                    RCREG   0x000fae       data     extern C:\MCC18\src\traditional\proc\p18F13K22.asm
                    RCSTA   0x000fab       data     extern C:\MCC18\src\traditional\proc\p18F13K22.asm
                RCSTAbits   0x000fab       data     extern C:\MCC18\src\traditional\proc\p18F13K22.asm
                     SIGN   0x000000       data     extern C:\MCC18\src\traditional\math\cmath18.asm
                   SLRCON   0x000f76       data     extern C:\MCC18\src\traditional\proc\p18F13K22.asm
               SLRCONbits   0x000f76       data     extern C:\MCC18\src\traditional\proc\p18F13K22.asm
                    SPBRG   0x000faf       data     extern C:\MCC18\src\traditional\proc\p18F13K22.asm
                   SPBRGH   0x000fb0       data     extern C:\MCC18\src\traditional\proc\p18F13K22.asm
                   SRCON0   0x000f68       data     extern C:\MCC18\src\traditional\proc\p18F13K22.asm
               SRCON0bits   0x000f68       data     extern C:\MCC18\src\traditional\proc\p18F13K22.asm
                   SRCON1   0x000f69       data     extern C:\MCC18\src\traditional\proc\p18F13K22.asm
               SRCON1bits   0x000f69       data     extern C:\MCC18\src\traditional\proc\p18F13K22.asm
                   SSPADD   0x000fc8       data     extern C:\MCC18\src\traditional\proc\p18F13K22.asm
                   SSPBUF   0x000fc9       data     extern C:\MCC18\src\traditional\proc\p18F13K22.asm
                  SSPCON1   0x000fc6       data     extern C:\MCC18\src\traditional\proc\p18F13K22.asm
              SSPCON1bits   0x000fc6       data     extern C:\MCC18\src\traditional\proc\p18F13K22.asm
                  SSPCON2   0x000fc5       data     extern C:\MCC18\src\traditional\proc\p18F13K22.asm
              SSPCON2bits   0x000fc5       data     extern C:\MCC18\src\traditional\proc\p18F13K22.asm
                   SSPMSK   0x000f6f       data     extern C:\MCC18\src\traditional\proc\p18F13K22.asm
               SSPMSKbits   0x000f6f       data     extern C:\MCC18\src\traditional\proc\p18F13K22.asm
                  SSPSTAT   0x000fc7       data     extern C:\MCC18\src\traditional\proc\p18F13K22.asm
              SSPSTATbits   0x000fc7       data     extern C:\MCC18\src\traditional\proc\p18F13K22.asm
                   STATUS   0x000fd8       data     extern C:\MCC18\src\traditional\proc\p18F13K22.asm
               STATUSbits   0x000fd8       data     extern C:\MCC18\src\traditional\proc\p18F13K22.asm
                   STKPTR   0x000ffc       data     extern C:\MCC18\src\traditional\proc\p18F13K22.asm
               STKPTRbits   0x000ffc       data     extern C:\MCC18\src\traditional\proc\p18F13K22.asm
                    T0CON   0x000fd5       data     extern C:\MCC18\src\traditional\proc\p18F13K22.asm
                T0CONbits   0x000fd5       data     extern C:\MCC18\src\traditional\proc\p18F13K22.asm
                    T1CON   0x000fcd       data     extern C:\MCC18\src\traditional\proc\p18F13K22.asm
                T1CONbits   0x000fcd       data     extern C:\MCC18\src\traditional\proc\p18F13K22.asm
                    T2CON   0x000fca       data     extern C:\MCC18\src\traditional\proc\p18F13K22.asm
                T2CONbits   0x000fca       data     extern C:\MCC18\src\traditional\proc\p18F13K22.asm
                    T3CON   0x000fb1       data     extern C:\MCC18\src\traditional\proc\p18F13K22.asm
                T3CONbits   0x000fb1       data     extern C:\MCC18\src\traditional\proc\p18F13K22.asm
                   TABLAT   0x000ff5       data     extern C:\MCC18\src\traditional\proc\p18F13K22.asm
                   TBLPTR   0x000ff6       data     extern C:\MCC18\src\traditional\proc\p18F13K22.asm
                  TBLPTRH   0x000ff7       data     extern C:\MCC18\src\traditional\proc\p18F13K22.asm
                  TBLPTRL   0x000ff6       data     extern C:\MCC18\src\traditional\proc\p18F13K22.asm
                  TBLPTRU   0x000ff8       data     extern C:\MCC18\src\traditional\proc\p18F13K22.asm
                    TMR0H   0x000fd7       data     extern C:\MCC18\src\traditional\proc\p18F13K22.asm
                    TMR0L   0x000fd6       data     extern C:\MCC18\src\traditional\proc\p18F13K22.asm
                    TMR1H   0x000fcf       data     extern C:\MCC18\src\traditional\proc\p18F13K22.asm
                    TMR1L   0x000fce       data     extern C:\MCC18\src\traditional\proc\p18F13K22.asm
                     TMR2   0x000fcc       data     extern C:\MCC18\src\traditional\proc\p18F13K22.asm
                    TMR3H   0x000fb3       data     extern C:\MCC18\src\traditional\proc\p18F13K22.asm
                    TMR3L   0x000fb2       data     extern C:\MCC18\src\traditional\proc\p18F13K22.asm
                      TOS   0x000ffd       data     extern C:\MCC18\src\traditional\proc\p18F13K22.asm
                     TOSH   0x000ffe       data     extern C:\MCC18\src\traditional\proc\p18F13K22.asm
                     TOSL   0x000ffd       data     extern C:\MCC18\src\traditional\proc\p18F13K22.asm
                     TOSU   0x000fff       data     extern C:\MCC18\src\traditional\proc\p18F13K22.asm
                    TRISA   0x000f92       data     extern C:\MCC18\src\traditional\proc\p18F13K22.asm
                TRISAbits   0x000f92       data     extern C:\MCC18\src\traditional\proc\p18F13K22.asm
                    TRISB   0x000f93       data     extern C:\MCC18\src\traditional\proc\p18F13K22.asm
                TRISBbits   0x000f93       data     extern C:\MCC18\src\traditional\proc\p18F13K22.asm
                    TRISC   0x000f94       data     extern C:\MCC18\src\traditional\proc\p18F13K22.asm
                TRISCbits   0x000f94       data     extern C:\MCC18\src\traditional\proc\p18F13K22.asm
                    TXREG   0x000fad       data     extern C:\MCC18\src\traditional\proc\p18F13K22.asm
                    TXSTA   0x000fac       data     extern C:\MCC18\src\traditional\proc\p18F13K22.asm
                TXSTAbits   0x000fac       data     extern C:\MCC18\src\traditional\proc\p18F13K22.asm
                 VREFCON0   0x000fba       data     extern C:\MCC18\src\traditional\proc\p18F13K22.asm
             VREFCON0bits   0x000fba       data     extern C:\MCC18\src\traditional\proc\p18F13K22.asm
                 VREFCON1   0x000fbb       data     extern C:\MCC18\src\traditional\proc\p18F13K22.asm
             VREFCON1bits   0x000fbb       data     extern C:\MCC18\src\traditional\proc\p18F13K22.asm
                 VREFCON2   0x000fbc       data     extern C:\MCC18\src\traditional\proc\p18F13K22.asm
             VREFCON2bits   0x000fbc       data     extern C:\MCC18\src\traditional\proc\p18F13K22.asm
                        W   0x000fe8       data     extern C:\MCC18\src\traditional\proc\p18F13K22.asm
                   WDTCON   0x000fd1       data     extern C:\MCC18\src\traditional\proc\p18F13K22.asm
               WDTCONbits   0x000fd1       data     extern C:\MCC18\src\traditional\proc\p18F13K22.asm
                     WPUA   0x000f77       data     extern C:\MCC18\src\traditional\proc\p18F13K22.asm
                 WPUAbits   0x000f77       data     extern C:\MCC18\src\traditional\proc\p18F13K22.asm
                     WPUB   0x000f78       data     extern C:\MCC18\src\traditional\proc\p18F13K22.asm
                 WPUBbits   0x000f78       data     extern C:\MCC18\src\traditional\proc\p18F13K22.asm
                     WREG   0x000fe8       data     extern C:\MCC18\src\traditional\proc\p18F13K22.asm
                __FPFLAGS   0x000001       data     extern C:\MCC18\src\traditional\math\cmath18.asm
            __FPFLAGSbits   0x000001       data     extern C:\MCC18\src\traditional\math\cmath18.asm
                  __tmp_0   0x000002       data     static D:\personal\timer\Timer.c
                curr_byte   0x0000c7       data     static C:\MCC18\src\traditional\startup\c018i.c
               curr_entry   0x0000c9       data     static C:\MCC18\src\traditional\startup\c018i.c
                 data_ptr   0x0000cb       data     static C:\MCC18\src\traditional\startup\c018i.c
                     prom   0x0000c4       data     static C:\MCC18\src\traditional\startup\c018i.c



                              Symbols - Sorted by Address
                     Name    Address   Location    Storage File                     
                ---------  ---------  ---------  --------- ---------                
                   _entry   0x000000    program     extern C:\MCC18\src\traditional\startup\c018i.c
       ___return_lbl00000   0x000004    program     static                          
                   setPin   0x000014    program     extern D:\personal\timer\Timer.c
                 clearPin   0x000118    program     extern D:\personal\timer\Timer.c
                     init   0x000226    program     extern D:\personal\timer\Timer.c
                      isr   0x00023e    program     extern D:\personal\timer\Timer.c
                    delay   0x000306    program     extern D:\personal\timer\Timer.c
                     main   0x000344    program     extern D:\personal\timer\Timer.c
                _do_cinit   0x000450    program     extern C:\MCC18\src\traditional\startup\c018i.c
                     test   0x00046a    program     static                          
                copy_loop   0x0004c2    program     static                          
            copy_one_byte   0x0004c8    program     static                          
             done_copying   0x0004d6    program     static                          
       ___return_lbl00002   0x0004ec    program     static                          
                     done   0x0004ec    program     static                          
             Delay10KTCYx   0x0004ee    program     extern C:\MCC18\src\traditional\delays\d10ktcyx.asm
                    D10Kx   0x0004f8    program     static C:\MCC18\src\traditional\delays\d10ktcyx.asm
                   D10K_1   0x0004fa    program     static C:\MCC18\src\traditional\delays\d10ktcyx.asm
       _D10KTCYXCODE_0010   0x0004fe    program     static C:\MCC18\src\traditional\delays\d10ktcyx.asm
                    D10Kl   0x000506    program     static C:\MCC18\src\traditional\delays\d10ktcyx.asm
       _D10KTCYXCODE_001C   0x00050a    program     static C:\MCC18\src\traditional\delays\d10ktcyx.asm
            __zero_memory   0x00051c    program     extern C:\MCC18\src\traditional\proc\p18F13K22.asm
                   loop_h   0x00052a    program     static C:\MCC18\src\traditional\proc\p18F13K22.asm
               zero_block   0x00052a    program     static C:\MCC18\src\traditional\proc\p18F13K22.asm
                compare_l   0x000532    program     static C:\MCC18\src\traditional\proc\p18F13K22.asm
                   loop_l   0x000534    program     static C:\MCC18\src\traditional\proc\p18F13K22.asm
                 _startup   0x00053c    program     extern C:\MCC18\src\traditional\startup\c018i.c
                     loop   0x00054c    program     static                          
       ___return_lbl00001   0x000556    program     static                          
                   __init   0x000558    program     extern C:\MCC18\src\traditional\stdclib\__init.c
               __config_0   0x300001    program     static D:\personal\timer\Timer.c
               __config_1   0x300005    program     static D:\personal\timer\Timer.c
               __config_2   0x300006    program     static D:\personal\timer\Timer.c
                     SIGN   0x000000       data     extern C:\MCC18\src\traditional\math\cmath18.asm
            __FPFLAGSbits   0x000001       data     extern C:\MCC18\src\traditional\math\cmath18.asm
                __FPFLAGS   0x000001       data     extern C:\MCC18\src\traditional\math\cmath18.asm
                  __tmp_0   0x000002       data     static D:\personal\timer\Timer.c
            DelayCounter2   0x000004       data     extern C:\MCC18\src\traditional\delays\delayd2.asm
            DelayCounter1   0x000005       data     extern C:\MCC18\src\traditional\delays\delayd1.asm
                        A   0x0000b0       data     extern D:\personal\timer\Timer.c
                        B   0x0000b2       data     extern D:\personal\timer\Timer.c
                        C   0x0000b4       data     extern D:\personal\timer\Timer.c
                     A_A0   0x0000b6       data     extern D:\personal\timer\Timer.c
               A_LCDRESET   0x0000b8       data     extern D:\personal\timer\Timer.c
                   B_CS1B   0x0000ba       data     extern D:\personal\timer\Timer.c
                    B_SCL   0x0000bc       data     extern D:\personal\timer\Timer.c
                    B_SDA   0x0000be       data     extern D:\personal\timer\Timer.c
                 A_PHOTO1   0x0000c0       data     extern D:\personal\timer\Timer.c
                 A_PHOTO2   0x0000c2       data     extern D:\personal\timer\Timer.c
                     prom   0x0000c4       data     static C:\MCC18\src\traditional\startup\c018i.c
                curr_byte   0x0000c7       data     static C:\MCC18\src\traditional\startup\c018i.c
               curr_entry   0x0000c9       data     static C:\MCC18\src\traditional\startup\c018i.c
                 data_ptr   0x0000cb       data     static C:\MCC18\src\traditional\startup\c018i.c
                   SRCON0   0x000f68       data     extern C:\MCC18\src\traditional\proc\p18F13K22.asm
               SRCON0bits   0x000f68       data     extern C:\MCC18\src\traditional\proc\p18F13K22.asm
                   SRCON1   0x000f69       data     extern C:\MCC18\src\traditional\proc\p18F13K22.asm
               SRCON1bits   0x000f69       data     extern C:\MCC18\src\traditional\proc\p18F13K22.asm
              CM2CON0bits   0x000f6b       data     extern C:\MCC18\src\traditional\proc\p18F13K22.asm
                  CM2CON0   0x000f6b       data     extern C:\MCC18\src\traditional\proc\p18F13K22.asm
              CM2CON1bits   0x000f6c       data     extern C:\MCC18\src\traditional\proc\p18F13K22.asm
                  CM2CON1   0x000f6c       data     extern C:\MCC18\src\traditional\proc\p18F13K22.asm
              CM1CON0bits   0x000f6d       data     extern C:\MCC18\src\traditional\proc\p18F13K22.asm
                  CM1CON0   0x000f6d       data     extern C:\MCC18\src\traditional\proc\p18F13K22.asm
               SSPMSKbits   0x000f6f       data     extern C:\MCC18\src\traditional\proc\p18F13K22.asm
                   SSPMSK   0x000f6f       data     extern C:\MCC18\src\traditional\proc\p18F13K22.asm
               APFCONbits   0x000f75       data     extern C:\MCC18\src\traditional\proc\p18F13K22.asm
                   APFCON   0x000f75       data     extern C:\MCC18\src\traditional\proc\p18F13K22.asm
                   SLRCON   0x000f76       data     extern C:\MCC18\src\traditional\proc\p18F13K22.asm
               SLRCONbits   0x000f76       data     extern C:\MCC18\src\traditional\proc\p18F13K22.asm
                     WPUA   0x000f77       data     extern C:\MCC18\src\traditional\proc\p18F13K22.asm
                 WPUAbits   0x000f77       data     extern C:\MCC18\src\traditional\proc\p18F13K22.asm
                     WPUB   0x000f78       data     extern C:\MCC18\src\traditional\proc\p18F13K22.asm
                 WPUBbits   0x000f78       data     extern C:\MCC18\src\traditional\proc\p18F13K22.asm
                     IOCA   0x000f79       data     extern C:\MCC18\src\traditional\proc\p18F13K22.asm
                 IOCAbits   0x000f79       data     extern C:\MCC18\src\traditional\proc\p18F13K22.asm
                 IOCBbits   0x000f7a       data     extern C:\MCC18\src\traditional\proc\p18F13K22.asm
                     IOCB   0x000f7a       data     extern C:\MCC18\src\traditional\proc\p18F13K22.asm
                    ANSEL   0x000f7e       data     extern C:\MCC18\src\traditional\proc\p18F13K22.asm
                ANSELbits   0x000f7e       data     extern C:\MCC18\src\traditional\proc\p18F13K22.asm
                   ANSELH   0x000f7f       data     extern C:\MCC18\src\traditional\proc\p18F13K22.asm
               ANSELHbits   0x000f7f       data     extern C:\MCC18\src\traditional\proc\p18F13K22.asm
                PORTAbits   0x000f80       data     extern C:\MCC18\src\traditional\proc\p18F13K22.asm
                    PORTA   0x000f80       data     extern C:\MCC18\src\traditional\proc\p18F13K22.asm
                PORTBbits   0x000f81       data     extern C:\MCC18\src\traditional\proc\p18F13K22.asm
                    PORTB   0x000f81       data     extern C:\MCC18\src\traditional\proc\p18F13K22.asm
                PORTCbits   0x000f82       data     extern C:\MCC18\src\traditional\proc\p18F13K22.asm
                    PORTC   0x000f82       data     extern C:\MCC18\src\traditional\proc\p18F13K22.asm
                 LATAbits   0x000f89       data     extern C:\MCC18\src\traditional\proc\p18F13K22.asm
                     LATA   0x000f89       data     extern C:\MCC18\src\traditional\proc\p18F13K22.asm
                 LATBbits   0x000f8a       data     extern C:\MCC18\src\traditional\proc\p18F13K22.asm
                     LATB   0x000f8a       data     extern C:\MCC18\src\traditional\proc\p18F13K22.asm
                     LATC   0x000f8b       data     extern C:\MCC18\src\traditional\proc\p18F13K22.asm
                 LATCbits   0x000f8b       data     extern C:\MCC18\src\traditional\proc\p18F13K22.asm
                TRISAbits   0x000f92       data     extern C:\MCC18\src\traditional\proc\p18F13K22.asm
                    TRISA   0x000f92       data     extern C:\MCC18\src\traditional\proc\p18F13K22.asm
                 DDRAbits   0x000f92       data     extern C:\MCC18\src\traditional\proc\p18F13K22.asm
                     DDRA   0x000f92       data     extern C:\MCC18\src\traditional\proc\p18F13K22.asm
                     DDRB   0x000f93       data     extern C:\MCC18\src\traditional\proc\p18F13K22.asm
                TRISBbits   0x000f93       data     extern C:\MCC18\src\traditional\proc\p18F13K22.asm
                    TRISB   0x000f93       data     extern C:\MCC18\src\traditional\proc\p18F13K22.asm
                 DDRBbits   0x000f93       data     extern C:\MCC18\src\traditional\proc\p18F13K22.asm
                    TRISC   0x000f94       data     extern C:\MCC18\src\traditional\proc\p18F13K22.asm
                TRISCbits   0x000f94       data     extern C:\MCC18\src\traditional\proc\p18F13K22.asm
                     DDRC   0x000f94       data     extern C:\MCC18\src\traditional\proc\p18F13K22.asm
                 DDRCbits   0x000f94       data     extern C:\MCC18\src\traditional\proc\p18F13K22.asm
              OSCTUNEbits   0x000f9b       data     extern C:\MCC18\src\traditional\proc\p18F13K22.asm
                  OSCTUNE   0x000f9b       data     extern C:\MCC18\src\traditional\proc\p18F13K22.asm
                 PIE1bits   0x000f9d       data     extern C:\MCC18\src\traditional\proc\p18F13K22.asm
                     PIE1   0x000f9d       data     extern C:\MCC18\src\traditional\proc\p18F13K22.asm
                     PIR1   0x000f9e       data     extern C:\MCC18\src\traditional\proc\p18F13K22.asm
                 PIR1bits   0x000f9e       data     extern C:\MCC18\src\traditional\proc\p18F13K22.asm
                 IPR1bits   0x000f9f       data     extern C:\MCC18\src\traditional\proc\p18F13K22.asm
                     IPR1   0x000f9f       data     extern C:\MCC18\src\traditional\proc\p18F13K22.asm
                 PIE2bits   0x000fa0       data     extern C:\MCC18\src\traditional\proc\p18F13K22.asm
                     PIE2   0x000fa0       data     extern C:\MCC18\src\traditional\proc\p18F13K22.asm
                 PIR2bits   0x000fa1       data     extern C:\MCC18\src\traditional\proc\p18F13K22.asm
                     PIR2   0x000fa1       data     extern C:\MCC18\src\traditional\proc\p18F13K22.asm
                     IPR2   0x000fa2       data     extern C:\MCC18\src\traditional\proc\p18F13K22.asm
                 IPR2bits   0x000fa2       data     extern C:\MCC18\src\traditional\proc\p18F13K22.asm
               EECON1bits   0x000fa6       data     extern C:\MCC18\src\traditional\proc\p18F13K22.asm
                   EECON1   0x000fa6       data     extern C:\MCC18\src\traditional\proc\p18F13K22.asm
                   EECON2   0x000fa7       data     extern C:\MCC18\src\traditional\proc\p18F13K22.asm
                   EEDATA   0x000fa8       data     extern C:\MCC18\src\traditional\proc\p18F13K22.asm
                    EEADR   0x000fa9       data     extern C:\MCC18\src\traditional\proc\p18F13K22.asm
                EEADRbits   0x000fa9       data     extern C:\MCC18\src\traditional\proc\p18F13K22.asm
                   EEADRH   0x000faa       data     extern C:\MCC18\src\traditional\proc\p18F13K22.asm
               EEADRHbits   0x000faa       data     extern C:\MCC18\src\traditional\proc\p18F13K22.asm
                RCSTAbits   0x000fab       data     extern C:\MCC18\src\traditional\proc\p18F13K22.asm
                    RCSTA   0x000fab       data     extern C:\MCC18\src\traditional\proc\p18F13K22.asm
                    TXSTA   0x000fac       data     extern C:\MCC18\src\traditional\proc\p18F13K22.asm
                TXSTAbits   0x000fac       data     extern C:\MCC18\src\traditional\proc\p18F13K22.asm
                    TXREG   0x000fad       data     extern C:\MCC18\src\traditional\proc\p18F13K22.asm
                    RCREG   0x000fae       data     extern C:\MCC18\src\traditional\proc\p18F13K22.asm
                    SPBRG   0x000faf       data     extern C:\MCC18\src\traditional\proc\p18F13K22.asm
                   SPBRGH   0x000fb0       data     extern C:\MCC18\src\traditional\proc\p18F13K22.asm
                T3CONbits   0x000fb1       data     extern C:\MCC18\src\traditional\proc\p18F13K22.asm
                    T3CON   0x000fb1       data     extern C:\MCC18\src\traditional\proc\p18F13K22.asm
                    TMR3L   0x000fb2       data     extern C:\MCC18\src\traditional\proc\p18F13K22.asm
                    TMR3H   0x000fb3       data     extern C:\MCC18\src\traditional\proc\p18F13K22.asm
                  ECCP1AS   0x000fb6       data     extern C:\MCC18\src\traditional\proc\p18F13K22.asm
              ECCP1ASbits   0x000fb6       data     extern C:\MCC18\src\traditional\proc\p18F13K22.asm
              PWM1CONbits   0x000fb7       data     extern C:\MCC18\src\traditional\proc\p18F13K22.asm
                  PWM1CON   0x000fb7       data     extern C:\MCC18\src\traditional\proc\p18F13K22.asm
              BAUDCTLbits   0x000fb8       data     extern C:\MCC18\src\traditional\proc\p18F13K22.asm
                  BAUDCON   0x000fb8       data     extern C:\MCC18\src\traditional\proc\p18F13K22.asm
              BAUDCONbits   0x000fb8       data     extern C:\MCC18\src\traditional\proc\p18F13K22.asm
                  BAUDCTL   0x000fb8       data     extern C:\MCC18\src\traditional\proc\p18F13K22.asm
                  PSTRCON   0x000fb9       data     extern C:\MCC18\src\traditional\proc\p18F13K22.asm
              PSTRCONbits   0x000fb9       data     extern C:\MCC18\src\traditional\proc\p18F13K22.asm
                 VREFCON0   0x000fba       data     extern C:\MCC18\src\traditional\proc\p18F13K22.asm
             VREFCON0bits   0x000fba       data     extern C:\MCC18\src\traditional\proc\p18F13K22.asm
                 VREFCON1   0x000fbb       data     extern C:\MCC18\src\traditional\proc\p18F13K22.asm
             VREFCON1bits   0x000fbb       data     extern C:\MCC18\src\traditional\proc\p18F13K22.asm
             VREFCON2bits   0x000fbc       data     extern C:\MCC18\src\traditional\proc\p18F13K22.asm
                 VREFCON2   0x000fbc       data     extern C:\MCC18\src\traditional\proc\p18F13K22.asm
              CCP1CONbits   0x000fbd       data     extern C:\MCC18\src\traditional\proc\p18F13K22.asm
                  CCP1CON   0x000fbd       data     extern C:\MCC18\src\traditional\proc\p18F13K22.asm
                    CCPR1   0x000fbe       data     extern C:\MCC18\src\traditional\proc\p18F13K22.asm
                   CCPR1L   0x000fbe       data     extern C:\MCC18\src\traditional\proc\p18F13K22.asm
                   CCPR1H   0x000fbf       data     extern C:\MCC18\src\traditional\proc\p18F13K22.asm
               ADCON2bits   0x000fc0       data     extern C:\MCC18\src\traditional\proc\p18F13K22.asm
                   ADCON2   0x000fc0       data     extern C:\MCC18\src\traditional\proc\p18F13K22.asm
               ADCON1bits   0x000fc1       data     extern C:\MCC18\src\traditional\proc\p18F13K22.asm
                   ADCON1   0x000fc1       data     extern C:\MCC18\src\traditional\proc\p18F13K22.asm
                   ADCON0   0x000fc2       data     extern C:\MCC18\src\traditional\proc\p18F13K22.asm
               ADCON0bits   0x000fc2       data     extern C:\MCC18\src\traditional\proc\p18F13K22.asm
                   ADRESL   0x000fc3       data     extern C:\MCC18\src\traditional\proc\p18F13K22.asm
                    ADRES   0x000fc3       data     extern C:\MCC18\src\traditional\proc\p18F13K22.asm
                   ADRESH   0x000fc4       data     extern C:\MCC18\src\traditional\proc\p18F13K22.asm
              SSPCON2bits   0x000fc5       data     extern C:\MCC18\src\traditional\proc\p18F13K22.asm
                  SSPCON2   0x000fc5       data     extern C:\MCC18\src\traditional\proc\p18F13K22.asm
              SSPCON1bits   0x000fc6       data     extern C:\MCC18\src\traditional\proc\p18F13K22.asm
                  SSPCON1   0x000fc6       data     extern C:\MCC18\src\traditional\proc\p18F13K22.asm
              SSPSTATbits   0x000fc7       data     extern C:\MCC18\src\traditional\proc\p18F13K22.asm
                  SSPSTAT   0x000fc7       data     extern C:\MCC18\src\traditional\proc\p18F13K22.asm
                   SSPADD   0x000fc8       data     extern C:\MCC18\src\traditional\proc\p18F13K22.asm
                   SSPBUF   0x000fc9       data     extern C:\MCC18\src\traditional\proc\p18F13K22.asm
                T2CONbits   0x000fca       data     extern C:\MCC18\src\traditional\proc\p18F13K22.asm
                    T2CON   0x000fca       data     extern C:\MCC18\src\traditional\proc\p18F13K22.asm
                      PR2   0x000fcb       data     extern C:\MCC18\src\traditional\proc\p18F13K22.asm
                     TMR2   0x000fcc       data     extern C:\MCC18\src\traditional\proc\p18F13K22.asm
                T1CONbits   0x000fcd       data     extern C:\MCC18\src\traditional\proc\p18F13K22.asm
                    T1CON   0x000fcd       data     extern C:\MCC18\src\traditional\proc\p18F13K22.asm
                    TMR1L   0x000fce       data     extern C:\MCC18\src\traditional\proc\p18F13K22.asm
                    TMR1H   0x000fcf       data     extern C:\MCC18\src\traditional\proc\p18F13K22.asm
                     RCON   0x000fd0       data     extern C:\MCC18\src\traditional\proc\p18F13K22.asm
                 RCONbits   0x000fd0       data     extern C:\MCC18\src\traditional\proc\p18F13K22.asm
                   WDTCON   0x000fd1       data     extern C:\MCC18\src\traditional\proc\p18F13K22.asm
               WDTCONbits   0x000fd1       data     extern C:\MCC18\src\traditional\proc\p18F13K22.asm
                  OSCCON2   0x000fd2       data     extern C:\MCC18\src\traditional\proc\p18F13K22.asm
              OSCCON2bits   0x000fd2       data     extern C:\MCC18\src\traditional\proc\p18F13K22.asm
               OSCCONbits   0x000fd3       data     extern C:\MCC18\src\traditional\proc\p18F13K22.asm
                   OSCCON   0x000fd3       data     extern C:\MCC18\src\traditional\proc\p18F13K22.asm
                    T0CON   0x000fd5       data     extern C:\MCC18\src\traditional\proc\p18F13K22.asm
                T0CONbits   0x000fd5       data     extern C:\MCC18\src\traditional\proc\p18F13K22.asm
                    TMR0L   0x000fd6       data     extern C:\MCC18\src\traditional\proc\p18F13K22.asm
                    TMR0H   0x000fd7       data     extern C:\MCC18\src\traditional\proc\p18F13K22.asm
                   STATUS   0x000fd8       data     extern C:\MCC18\src\traditional\proc\p18F13K22.asm
               STATUSbits   0x000fd8       data     extern C:\MCC18\src\traditional\proc\p18F13K22.asm
                     FSR2   0x000fd9       data     extern C:\MCC18\src\traditional\proc\p18F13K22.asm
                    FSR2L   0x000fd9       data     extern C:\MCC18\src\traditional\proc\p18F13K22.asm
                    FSR2H   0x000fda       data     extern C:\MCC18\src\traditional\proc\p18F13K22.asm
                   PLUSW2   0x000fdb       data     extern C:\MCC18\src\traditional\proc\p18F13K22.asm
                  PREINC2   0x000fdc       data     extern C:\MCC18\src\traditional\proc\p18F13K22.asm
                 POSTDEC2   0x000fdd       data     extern C:\MCC18\src\traditional\proc\p18F13K22.asm
                 POSTINC2   0x000fde       data     extern C:\MCC18\src\traditional\proc\p18F13K22.asm
                    INDF2   0x000fdf       data     extern C:\MCC18\src\traditional\proc\p18F13K22.asm
                      BSR   0x000fe0       data     extern C:\MCC18\src\traditional\proc\p18F13K22.asm
                    FSR1L   0x000fe1       data     extern C:\MCC18\src\traditional\proc\p18F13K22.asm
                     FSR1   0x000fe1       data     extern C:\MCC18\src\traditional\proc\p18F13K22.asm
                    FSR1H   0x000fe2       data     extern C:\MCC18\src\traditional\proc\p18F13K22.asm
                   PLUSW1   0x000fe3       data     extern C:\MCC18\src\traditional\proc\p18F13K22.asm
                  PREINC1   0x000fe4       data     extern C:\MCC18\src\traditional\proc\p18F13K22.asm
                 POSTDEC1   0x000fe5       data     extern C:\MCC18\src\traditional\proc\p18F13K22.asm
                 POSTINC1   0x000fe6       data     extern C:\MCC18\src\traditional\proc\p18F13K22.asm
                    INDF1   0x000fe7       data     extern C:\MCC18\src\traditional\proc\p18F13K22.asm
                     WREG   0x000fe8       data     extern C:\MCC18\src\traditional\proc\p18F13K22.asm
                        W   0x000fe8       data     extern C:\MCC18\src\traditional\proc\p18F13K22.asm
                     FSR0   0x000fe9       data     extern C:\MCC18\src\traditional\proc\p18F13K22.asm
                    FSR0L   0x000fe9       data     extern C:\MCC18\src\traditional\proc\p18F13K22.asm
                    FSR0H   0x000fea       data     extern C:\MCC18\src\traditional\proc\p18F13K22.asm
                   PLUSW0   0x000feb       data     extern C:\MCC18\src\traditional\proc\p18F13K22.asm
                  PREINC0   0x000fec       data     extern C:\MCC18\src\traditional\proc\p18F13K22.asm
                 POSTDEC0   0x000fed       data     extern C:\MCC18\src\traditional\proc\p18F13K22.asm
                 POSTINC0   0x000fee       data     extern C:\MCC18\src\traditional\proc\p18F13K22.asm
                    INDF0   0x000fef       data     extern C:\MCC18\src\traditional\proc\p18F13K22.asm
              INTCON3bits   0x000ff0       data     extern C:\MCC18\src\traditional\proc\p18F13K22.asm
                  INTCON3   0x000ff0       data     extern C:\MCC18\src\traditional\proc\p18F13K22.asm
              INTCON2bits   0x000ff1       data     extern C:\MCC18\src\traditional\proc\p18F13K22.asm
                  INTCON2   0x000ff1       data     extern C:\MCC18\src\traditional\proc\p18F13K22.asm
               INTCONbits   0x000ff2       data     extern C:\MCC18\src\traditional\proc\p18F13K22.asm
                   INTCON   0x000ff2       data     extern C:\MCC18\src\traditional\proc\p18F13K22.asm
                    PRODL   0x000ff3       data     extern C:\MCC18\src\traditional\proc\p18F13K22.asm
                     PROD   0x000ff3       data     extern C:\MCC18\src\traditional\proc\p18F13K22.asm
                    PRODH   0x000ff4       data     extern C:\MCC18\src\traditional\proc\p18F13K22.asm
                   TABLAT   0x000ff5       data     extern C:\MCC18\src\traditional\proc\p18F13K22.asm
                   TBLPTR   0x000ff6       data     extern C:\MCC18\src\traditional\proc\p18F13K22.asm
                  TBLPTRL   0x000ff6       data     extern C:\MCC18\src\traditional\proc\p18F13K22.asm
                  TBLPTRH   0x000ff7       data     extern C:\MCC18\src\traditional\proc\p18F13K22.asm
                  TBLPTRU   0x000ff8       data     extern C:\MCC18\src\traditional\proc\p18F13K22.asm
                      PCL   0x000ff9       data     extern C:\MCC18\src\traditional\proc\p18F13K22.asm
                       PC   0x000ff9       data     extern C:\MCC18\src\traditional\proc\p18F13K22.asm
                   PCLATH   0x000ffa       data     extern C:\MCC18\src\traditional\proc\p18F13K22.asm
                   PCLATU   0x000ffb       data     extern C:\MCC18\src\traditional\proc\p18F13K22.asm
               STKPTRbits   0x000ffc       data     extern C:\MCC18\src\traditional\proc\p18F13K22.asm
                   STKPTR   0x000ffc       data     extern C:\MCC18\src\traditional\proc\p18F13K22.asm
                      TOS   0x000ffd       data     extern C:\MCC18\src\traditional\proc\p18F13K22.asm
                     TOSL   0x000ffd       data     extern C:\MCC18\src\traditional\proc\p18F13K22.asm
                     TOSH   0x000ffe       data     extern C:\MCC18\src\traditional\proc\p18F13K22.asm
                     TOSU   0x000fff       data     extern C:\MCC18\src\traditional\proc\p18F13K22.asm


